Analysis & Synthesis report for TopLevel
Wed Jun 12 19:42:07 2019
Quartus Prime Version 18.1.0 Build 625 09/12/2018 SJ Lite Edition


---------------------
; Table of Contents ;
---------------------
  1. Legal Notice
  2. Analysis & Synthesis Summary
  3. Analysis & Synthesis Settings
  4. Parallel Compilation
  5. Analysis & Synthesis Source Files Read
  6. Analysis & Synthesis Resource Usage Summary
  7. Analysis & Synthesis Resource Utilization by Entity
  8. General Register Statistics
  9. Multiplexer Restructuring Statistics (Restructuring Performed)
 10. Parameter Settings for User Entity Instance: reg_file:reg_file1
 11. Port Connectivity Checks: "reg_file:reg_file1"
 12. Port Connectivity Checks: "Ctrl:Ctrl1"
 13. Post-Synthesis Netlist Statistics for Top Partition
 14. Elapsed Time Per Partition
 15. Analysis & Synthesis Messages
 16. Analysis & Synthesis Suppressed Messages



----------------
; Legal Notice ;
----------------
Copyright (C) 2018  Intel Corporation. All rights reserved.
Your use of Intel Corporation's design tools, logic functions 
and other software and tools, and its AMPP partner logic 
functions, and any output files from any of the foregoing 
(including device programming or simulation files), and any 
associated documentation or information are expressly subject 
to the terms and conditions of the Intel Program License 
Subscription Agreement, the Intel Quartus Prime License Agreement,
the Intel FPGA IP License Agreement, or other applicable license
agreement, including, without limitation, that your use is for
the sole purpose of programming logic devices manufactured by
Intel and sold by Intel or its authorized distributors.  Please
refer to the applicable agreement for further details.



+-------------------------------------------------------------------------------+
; Analysis & Synthesis Summary                                                  ;
+---------------------------------+---------------------------------------------+
; Analysis & Synthesis Status     ; Successful - Wed Jun 12 19:42:07 2019       ;
; Quartus Prime Version           ; 18.1.0 Build 625 09/12/2018 SJ Lite Edition ;
; Revision Name                   ; TopLevel                                    ;
; Top-level Entity Name           ; TopLevel                                    ;
; Family                          ; Cyclone V                                   ;
; Logic utilization (in ALMs)     ; N/A                                         ;
; Total registers                 ; 2194                                        ;
; Total pins                      ; 4                                           ;
; Total virtual pins              ; 0                                           ;
; Total block memory bits         ; 0                                           ;
; Total DSP Blocks                ; 0                                           ;
; Total HSSI RX PCSs              ; 0                                           ;
; Total HSSI PMA RX Deserializers ; 0                                           ;
; Total HSSI TX PCSs              ; 0                                           ;
; Total HSSI PMA TX Serializers   ; 0                                           ;
; Total PLLs                      ; 0                                           ;
; Total DLLs                      ; 0                                           ;
+---------------------------------+---------------------------------------------+


+---------------------------------------------------------------------------------------------------------------------------+
; Analysis & Synthesis Settings                                                                                             ;
+---------------------------------------------------------------------------------+--------------------+--------------------+
; Option                                                                          ; Setting            ; Default Value      ;
+---------------------------------------------------------------------------------+--------------------+--------------------+
; Device                                                                          ; 5CGXFC7C7F23C8     ;                    ;
; Top-level entity name                                                           ; TopLevel           ; TopLevel           ;
; Family name                                                                     ; Cyclone V          ; Cyclone V          ;
; Use smart compilation                                                           ; Off                ; Off                ;
; Enable parallel Assembler and Timing Analyzer during compilation                ; On                 ; On                 ;
; Enable compact report table                                                     ; Off                ; Off                ;
; Restructure Multiplexers                                                        ; Auto               ; Auto               ;
; MLAB Add Timing Constraints For Mixed-Port Feed-Through Mode Setting Don't Care ; Off                ; Off                ;
; Create Debugging Nodes for IP Cores                                             ; Off                ; Off                ;
; Preserve fewer node names                                                       ; On                 ; On                 ;
; Intel FPGA IP Evaluation Mode                                                   ; Enable             ; Enable             ;
; Verilog Version                                                                 ; Verilog_2001       ; Verilog_2001       ;
; VHDL Version                                                                    ; VHDL_1993          ; VHDL_1993          ;
; State Machine Processing                                                        ; Auto               ; Auto               ;
; Safe State Machine                                                              ; Off                ; Off                ;
; Extract Verilog State Machines                                                  ; On                 ; On                 ;
; Extract VHDL State Machines                                                     ; On                 ; On                 ;
; Ignore Verilog initial constructs                                               ; Off                ; Off                ;
; Iteration limit for constant Verilog loops                                      ; 5000               ; 5000               ;
; Iteration limit for non-constant Verilog loops                                  ; 250                ; 250                ;
; Add Pass-Through Logic to Inferred RAMs                                         ; On                 ; On                 ;
; Infer RAMs from Raw Logic                                                       ; On                 ; On                 ;
; Parallel Synthesis                                                              ; On                 ; On                 ;
; DSP Block Balancing                                                             ; Auto               ; Auto               ;
; NOT Gate Push-Back                                                              ; On                 ; On                 ;
; Power-Up Don't Care                                                             ; On                 ; On                 ;
; Remove Redundant Logic Cells                                                    ; Off                ; Off                ;
; Remove Duplicate Registers                                                      ; On                 ; On                 ;
; Ignore CARRY Buffers                                                            ; Off                ; Off                ;
; Ignore CASCADE Buffers                                                          ; Off                ; Off                ;
; Ignore GLOBAL Buffers                                                           ; Off                ; Off                ;
; Ignore ROW GLOBAL Buffers                                                       ; Off                ; Off                ;
; Ignore LCELL Buffers                                                            ; Off                ; Off                ;
; Ignore SOFT Buffers                                                             ; On                 ; On                 ;
; Limit AHDL Integers to 32 Bits                                                  ; Off                ; Off                ;
; Optimization Technique                                                          ; Balanced           ; Balanced           ;
; Carry Chain Length                                                              ; 70                 ; 70                 ;
; Auto Carry Chains                                                               ; On                 ; On                 ;
; Auto Open-Drain Pins                                                            ; On                 ; On                 ;
; Perform WYSIWYG Primitive Resynthesis                                           ; Off                ; Off                ;
; Auto ROM Replacement                                                            ; On                 ; On                 ;
; Auto RAM Replacement                                                            ; On                 ; On                 ;
; Auto DSP Block Replacement                                                      ; On                 ; On                 ;
; Auto Shift Register Replacement                                                 ; Auto               ; Auto               ;
; Allow Shift Register Merging across Hierarchies                                 ; Auto               ; Auto               ;
; Auto Clock Enable Replacement                                                   ; On                 ; On                 ;
; Strict RAM Replacement                                                          ; Off                ; Off                ;
; Allow Synchronous Control Signals                                               ; On                 ; On                 ;
; Force Use of Synchronous Clear Signals                                          ; Off                ; Off                ;
; Auto Resource Sharing                                                           ; Off                ; Off                ;
; Allow Any RAM Size For Recognition                                              ; Off                ; Off                ;
; Allow Any ROM Size For Recognition                                              ; Off                ; Off                ;
; Allow Any Shift Register Size For Recognition                                   ; Off                ; Off                ;
; Use LogicLock Constraints during Resource Balancing                             ; On                 ; On                 ;
; Ignore translate_off and synthesis_off directives                               ; Off                ; Off                ;
; Timing-Driven Synthesis                                                         ; On                 ; On                 ;
; Report Parameter Settings                                                       ; On                 ; On                 ;
; Report Source Assignments                                                       ; On                 ; On                 ;
; Report Connectivity Checks                                                      ; On                 ; On                 ;
; Ignore Maximum Fan-Out Assignments                                              ; Off                ; Off                ;
; Synchronization Register Chain Length                                           ; 3                  ; 3                  ;
; Power Optimization During Synthesis                                             ; Normal compilation ; Normal compilation ;
; HDL message level                                                               ; Level2             ; Level2             ;
; Suppress Register Optimization Related Messages                                 ; Off                ; Off                ;
; Number of Removed Registers Reported in Synthesis Report                        ; 5000               ; 5000               ;
; Number of Swept Nodes Reported in Synthesis Report                              ; 5000               ; 5000               ;
; Number of Inverted Registers Reported in Synthesis Report                       ; 100                ; 100                ;
; Clock MUX Protection                                                            ; On                 ; On                 ;
; Auto Gated Clock Conversion                                                     ; Off                ; Off                ;
; Block Design Naming                                                             ; Auto               ; Auto               ;
; SDC constraint protection                                                       ; Off                ; Off                ;
; Synthesis Effort                                                                ; Auto               ; Auto               ;
; Shift Register Replacement - Allow Asynchronous Clear Signal                    ; On                 ; On                 ;
; Pre-Mapping Resynthesis Optimization                                            ; Off                ; Off                ;
; Analysis & Synthesis Message Level                                              ; Medium             ; Medium             ;
; Disable Register Merging Across Hierarchies                                     ; Auto               ; Auto               ;
; Resource Aware Inference For Block RAM                                          ; On                 ; On                 ;
; Automatic Parallel Synthesis                                                    ; On                 ; On                 ;
; Partial Reconfiguration Bitstream ID                                            ; Off                ; Off                ;
+---------------------------------------------------------------------------------+--------------------+--------------------+


+------------------------------------------+
; Parallel Compilation                     ;
+----------------------------+-------------+
; Processors                 ; Number      ;
+----------------------------+-------------+
; Number detected on machine ; 8           ;
; Maximum allowed            ; 4           ;
;                            ;             ;
; Average used               ; 1.00        ;
; Maximum used               ; 4           ;
;                            ;             ;
; Usage by Processor         ; % Time Used ;
;     Processor 1            ; 100.0%      ;
;     Processor 2            ;   0.0%      ;
;     Processor 3            ;   0.0%      ;
;     Processor 4            ;   0.0%      ;
+----------------------------+-------------+


+----------------------------------------------------------------------------------------------------------------------------------------------------+
; Analysis & Synthesis Source Files Read                                                                                                             ;
+----------------------------------+-----------------+------------------------------+------------------------------------------------------+---------+
; File Name with User-Entered Path ; Used in Netlist ; File Type                    ; File Name with Absolute Path                         ; Library ;
+----------------------------------+-----------------+------------------------------+------------------------------------------------------+---------+
; TopLevel.sv                      ; yes             ; User SystemVerilog HDL File  ; C:/Users/jiz011/Desktop/CSE141L/CSE-141l/TopLevel.sv ;         ;
; reg_file.sv                      ; yes             ; User SystemVerilog HDL File  ; C:/Users/jiz011/Desktop/CSE141L/CSE-141l/reg_file.sv ;         ;
; PC.sv                            ; yes             ; User SystemVerilog HDL File  ; C:/Users/jiz011/Desktop/CSE141L/CSE-141l/PC.sv       ;         ;
; parity.sv                        ; yes             ; User SystemVerilog HDL File  ; C:/Users/jiz011/Desktop/CSE141L/CSE-141l/parity.sv   ;         ;
; LUT.sv                           ; yes             ; User SystemVerilog HDL File  ; C:/Users/jiz011/Desktop/CSE141L/CSE-141l/LUT.sv      ;         ;
; InstROM.sv                       ; yes             ; User SystemVerilog HDL File  ; C:/Users/jiz011/Desktop/CSE141L/CSE-141l/InstROM.sv  ;         ;
; data_mem.sv                      ; yes             ; User SystemVerilog HDL File  ; C:/Users/jiz011/Desktop/CSE141L/CSE-141l/data_mem.sv ;         ;
; Ctrl.sv                          ; yes             ; User SystemVerilog HDL File  ; C:/Users/jiz011/Desktop/CSE141L/CSE-141l/Ctrl.sv     ;         ;
; ALU.sv                           ; yes             ; User SystemVerilog HDL File  ; C:/Users/jiz011/Desktop/CSE141L/CSE-141l/ALU.sv      ;         ;
+----------------------------------+-----------------+------------------------------+------------------------------------------------------+---------+


+---------------------------------------------------------+
; Analysis & Synthesis Resource Usage Summary             ;
+---------------------------------------------+-----------+
; Resource                                    ; Usage     ;
+---------------------------------------------+-----------+
; Estimate of Logic utilization (ALMs needed) ; 1649      ;
;                                             ;           ;
; Combinational ALUT usage for logic          ; 1367      ;
;     -- 7 input functions                    ; 7         ;
;     -- 6 input functions                    ; 906       ;
;     -- 5 input functions                    ; 72        ;
;     -- 4 input functions                    ; 58        ;
;     -- <=3 input functions                  ; 324       ;
;                                             ;           ;
; Dedicated logic registers                   ; 2194      ;
;                                             ;           ;
; I/O pins                                    ; 4         ;
;                                             ;           ;
; Total DSP Blocks                            ; 0         ;
;                                             ;           ;
; Maximum fan-out node                        ; CLK~input ;
; Maximum fan-out                             ; 2194      ;
; Total fan-out                               ; 13354     ;
; Average fan-out                             ; 3.74      ;
+---------------------------------------------+-----------+


+----------------------------------------------------------------------------------------------------------------------------------------------------------------------------------------------------------+
; Analysis & Synthesis Resource Utilization by Entity                                                                                                                                                      ;
+----------------------------+---------------------+---------------------------+-------------------+------------+------+--------------+---------------------------------------+-------------+--------------+
; Compilation Hierarchy Node ; Combinational ALUTs ; Dedicated Logic Registers ; Block Memory Bits ; DSP Blocks ; Pins ; Virtual Pins ; Full Hierarchy Name                   ; Entity Name ; Library Name ;
+----------------------------+---------------------+---------------------------+-------------------+------------+------+--------------+---------------------------------------+-------------+--------------+
; |TopLevel                  ; 1367 (57)           ; 2194 (0)                  ; 0                 ; 0          ; 4    ; 0            ; |TopLevel                             ; TopLevel    ; work         ;
;    |ALU:ALU1|              ; 87 (73)             ; 0 (0)                     ; 0                 ; 0          ; 0    ; 0            ; |TopLevel|ALU:ALU1                    ; ALU         ; work         ;
;       |parity:parity_inst| ; 14 (14)             ; 0 (0)                     ; 0                 ; 0          ; 0    ; 0            ; |TopLevel|ALU:ALU1|parity:parity_inst ; parity      ; work         ;
;    |Ctrl:Ctrl1|            ; 11 (11)             ; 0 (0)                     ; 0                 ; 0          ; 0    ; 0            ; |TopLevel|Ctrl:Ctrl1                  ; Ctrl        ; work         ;
;    |InstROM:instr_ROM1|    ; 75 (75)             ; 0 (0)                     ; 0                 ; 0          ; 0    ; 0            ; |TopLevel|InstROM:instr_ROM1          ; InstROM     ; work         ;
;    |PC:PC1|                ; 45 (36)             ; 10 (10)                   ; 0                 ; 0          ; 0    ; 0            ; |TopLevel|PC:PC1                      ; PC          ; work         ;
;       |LUT:LUT_inst|       ; 9 (9)               ; 0 (0)                     ; 0                 ; 0          ; 0    ; 0            ; |TopLevel|PC:PC1|LUT:LUT_inst         ; LUT         ; work         ;
;    |data_mem:data_mem1|    ; 1004 (1004)         ; 2048 (2048)               ; 0                 ; 0          ; 0    ; 0            ; |TopLevel|data_mem:data_mem1          ; data_mem    ; work         ;
;    |reg_file:reg_file1|    ; 88 (88)             ; 136 (136)                 ; 0                 ; 0          ; 0    ; 0            ; |TopLevel|reg_file:reg_file1          ; reg_file    ; work         ;
+----------------------------+---------------------+---------------------------+-------------------+------------+------+--------------+---------------------------------------+-------------+--------------+
Note: For table entries with two numbers listed, the numbers in parentheses indicate the number of resources of the given type used by the specific entity alone. The numbers listed outside of parentheses indicate the total resources of the given type used by the specific entity and all of its sub-entities in the hierarchy.


+------------------------------------------------------+
; General Register Statistics                          ;
+----------------------------------------------+-------+
; Statistic                                    ; Value ;
+----------------------------------------------+-------+
; Total registers                              ; 2194  ;
; Number of registers using Synchronous Clear  ; 0     ;
; Number of registers using Synchronous Load   ; 0     ;
; Number of registers using Asynchronous Clear ; 0     ;
; Number of registers using Asynchronous Load  ; 0     ;
; Number of registers using Clock Enable       ; 2184  ;
; Number of registers using Preset             ; 0     ;
+----------------------------------------------+-------+


+-----------------------------------------------------------------------------------------------------------------------------------------------------------+
; Multiplexer Restructuring Statistics (Restructuring Performed)                                                                                            ;
+--------------------+-----------+---------------+----------------------+------------------------+------------+---------------------------------------------+
; Multiplexer Inputs ; Bus Width ; Baseline Area ; Area if Restructured ; Saving if Restructured ; Registered ; Example Multiplexer Output                  ;
+--------------------+-----------+---------------+----------------------+------------------------+------------+---------------------------------------------+
; 4:1                ; 2 bits    ; 4 LEs         ; 4 LEs                ; 0 LEs                  ; Yes        ; |TopLevel|PC:PC1|pc[6]                      ;
; 4:1                ; 7 bits    ; 14 LEs        ; 14 LEs               ; 0 LEs                  ; Yes        ; |TopLevel|PC:PC1|pc[8]                      ;
; 34:1               ; 3 bits    ; 66 LEs        ; 45 LEs               ; 21 LEs                 ; Yes        ; |TopLevel|reg_file:reg_file1|accumulator[5] ;
; 34:1               ; 3 bits    ; 66 LEs        ; 48 LEs               ; 18 LEs                 ; Yes        ; |TopLevel|reg_file:reg_file1|accumulator[1] ;
; 4:1                ; 2 bits    ; 4 LEs         ; 4 LEs                ; 0 LEs                  ; No         ; |TopLevel|ALU:ALU1|ShiftLeft0               ;
; 4:1                ; 2 bits    ; 4 LEs         ; 4 LEs                ; 0 LEs                  ; No         ; |TopLevel|ALU:ALU1|ShiftRight0              ;
; 4:1                ; 2 bits    ; 4 LEs         ; 4 LEs                ; 0 LEs                  ; No         ; |TopLevel|ALU:ALU1|ShiftLeft0               ;
; 4:1                ; 2 bits    ; 4 LEs         ; 4 LEs                ; 0 LEs                  ; No         ; |TopLevel|ALU:ALU1|ShiftLeft1               ;
; 4:1                ; 2 bits    ; 4 LEs         ; 4 LEs                ; 0 LEs                  ; No         ; |TopLevel|ALU:ALU1|ShiftRight1              ;
; 4:1                ; 2 bits    ; 4 LEs         ; 4 LEs                ; 0 LEs                  ; No         ; |TopLevel|ALU:ALU1|ShiftLeft1               ;
+--------------------+-----------+---------------+----------------------+------------------------+------------+---------------------------------------------+


+-----------------------------------------------------------------+
; Parameter Settings for User Entity Instance: reg_file:reg_file1 ;
+----------------+-------+----------------------------------------+
; Parameter Name ; Value ; Type                                   ;
+----------------+-------+----------------------------------------+
; reg_width      ; 8     ; Signed Integer                         ;
; reg_pointer    ; 4     ; Signed Integer                         ;
; num_reg        ; 16    ; Signed Integer                         ;
+----------------+-------+----------------------------------------+
Note: In order to hide this table in the UI and the text report file, please set the "Show Parameter Settings in Synthesis Report" option in "Analysis and Synthesis Settings -> More Settings" to "Off".


+----------------------------------------------------------------------------------------------------------------------------------------------------------------------------------------------------------------+
; Port Connectivity Checks: "reg_file:reg_file1"                                                                                                                                                                 ;
+----------+-------+----------+----------------------------------------------------------------------------------------------------------------------------------------------------------------------------------+
; Port     ; Type  ; Severity ; Details                                                                                                                                                                          ;
+----------+-------+----------+----------------------------------------------------------------------------------------------------------------------------------------------------------------------------------+
; reg_addr ; Input ; Warning  ; Input port expression (5 bits) is wider than the input port (4 bits) it drives.  The 1 most-significant bit(s) in the expression will be dangling if they have no other fanouts. ;
+----------+-------+----------+----------------------------------------------------------------------------------------------------------------------------------------------------------------------------------+


+---------------------------------------------------------------------------------------------------------------------------------------------------------------------------------+
; Port Connectivity Checks: "Ctrl:Ctrl1"                                                                                                                                          ;
+-------------+--------+----------+-----------------------------------------------------------------------------------------------------------------------------------------------+
; Port        ; Type   ; Severity ; Details                                                                                                                                       ;
+-------------+--------+----------+-----------------------------------------------------------------------------------------------------------------------------------------------+
; reg_addr[4] ; Output ; Info     ; Connected to dangling logic. Logic that only feeds a dangling port will be removed.                                                           ;
; lower       ; Input  ; Warning  ; Input port expression (1 bits) is smaller than the input port (8 bits) it drives.  Extra input bit(s) "lower[7..1]" will be connected to GND. ;
; upper       ; Input  ; Warning  ; Input port expression (1 bits) is smaller than the input port (8 bits) it drives.  Extra input bit(s) "upper[7..1]" will be connected to GND. ;
+-------------+--------+----------+-----------------------------------------------------------------------------------------------------------------------------------------------+


+-----------------------------------------------------+
; Post-Synthesis Netlist Statistics for Top Partition ;
+-----------------------+-----------------------------+
; Type                  ; Count                       ;
+-----------------------+-----------------------------+
; arriav_ff             ; 2194                        ;
;     ENA               ; 2184                        ;
;     plain             ; 10                          ;
; arriav_lcell_comb     ; 1367                        ;
;     arith             ; 46                          ;
;         0 data inputs ; 2                           ;
;         1 data inputs ; 16                          ;
;         2 data inputs ; 8                           ;
;         4 data inputs ; 3                           ;
;         5 data inputs ; 17                          ;
;     extend            ; 7                           ;
;         7 data inputs ; 7                           ;
;     normal            ; 1314                        ;
;         2 data inputs ; 267                         ;
;         3 data inputs ; 31                          ;
;         4 data inputs ; 55                          ;
;         5 data inputs ; 55                          ;
;         6 data inputs ; 906                         ;
; boundary_port         ; 4                           ;
;                       ;                             ;
; Max LUT depth         ; 12.00                       ;
; Average LUT depth     ; 6.97                        ;
+-----------------------+-----------------------------+


+-------------------------------+
; Elapsed Time Per Partition    ;
+----------------+--------------+
; Partition Name ; Elapsed Time ;
+----------------+--------------+
; Top            ; 00:00:08     ;
+----------------+--------------+


+-------------------------------+
; Analysis & Synthesis Messages ;
+-------------------------------+
Info: *******************************************************************
Info: Running Quartus Prime Analysis & Synthesis
    Info: Version 18.1.0 Build 625 09/12/2018 SJ Lite Edition
    Info: Processing started: Wed Jun 12 19:41:49 2019
Info: Command: quartus_map --read_settings_files=on --write_settings_files=off TopLevel -c TopLevel
Warning (18236): Number of processors has not been specified which may cause overloading on shared machines.  Set the global assignment NUM_PARALLEL_PROCESSORS in your QSF to an appropriate value for best performance.
Info (20030): Parallel compilation is enabled and will use 4 of the 4 processors detected
Info (12021): Found 1 design units, including 1 entities, in source file toplevel.sv
    Info (12023): Found entity 1: TopLevel File: C:/Users/jiz011/Desktop/CSE141L/CSE-141l/TopLevel.sv Line: 6
Info (12021): Found 1 design units, including 1 entities, in source file reg_file.sv
    Info (12023): Found entity 1: reg_file File: C:/Users/jiz011/Desktop/CSE141L/CSE-141l/reg_file.sv Line: 7
Info (12021): Found 1 design units, including 1 entities, in source file pc.sv
    Info (12023): Found entity 1: PC File: C:/Users/jiz011/Desktop/CSE141L/CSE-141l/PC.sv Line: 6
Info (12021): Found 1 design units, including 1 entities, in source file parity.sv
    Info (12023): Found entity 1: parity File: C:/Users/jiz011/Desktop/CSE141L/CSE-141l/parity.sv Line: 1
Info (12021): Found 1 design units, including 1 entities, in source file lut.sv
    Info (12023): Found entity 1: LUT File: C:/Users/jiz011/Desktop/CSE141L/CSE-141l/LUT.sv Line: 4
Info (12021): Found 1 design units, including 1 entities, in source file instrom.sv
    Info (12023): Found entity 1: InstROM File: C:/Users/jiz011/Desktop/CSE141L/CSE-141l/InstROM.sv Line: 1
Info (12021): Found 1 design units, including 1 entities, in source file data_mem.sv
    Info (12023): Found entity 1: data_mem File: C:/Users/jiz011/Desktop/CSE141L/CSE-141l/data_mem.sv Line: 6
Info (12021): Found 1 design units, including 1 entities, in source file ctrl.sv
    Info (12023): Found entity 1: Ctrl File: C:/Users/jiz011/Desktop/CSE141L/CSE-141l/Ctrl.sv Line: 5
Info (12021): Found 1 design units, including 1 entities, in source file alu.sv
    Info (12023): Found entity 1: ALU File: C:/Users/jiz011/Desktop/CSE141L/CSE-141l/ALU.sv Line: 8
Warning (10236): Verilog HDL Implicit Net warning at TopLevel.sv(59): created implicit net for "lower" File: C:/Users/jiz011/Desktop/CSE141L/CSE-141l/TopLevel.sv Line: 59
Warning (10236): Verilog HDL Implicit Net warning at TopLevel.sv(60): created implicit net for "upper" File: C:/Users/jiz011/Desktop/CSE141L/CSE-141l/TopLevel.sv Line: 60
Info (12127): Elaborating entity "TopLevel" for the top level hierarchy
Info (12128): Elaborating entity "PC" for hierarchy "PC:PC1" File: C:/Users/jiz011/Desktop/CSE141L/CSE-141l/TopLevel.sv Line: 44
Warning (10036): Verilog HDL or VHDL warning at PC.sv(16): object "addr" assigned a value but never read File: C:/Users/jiz011/Desktop/CSE141L/CSE-141l/PC.sv Line: 16
Warning (10230): Verilog HDL assignment warning at PC.sv(29): truncated value with size 32 to match size of target (10) File: C:/Users/jiz011/Desktop/CSE141L/CSE-141l/PC.sv Line: 29
Warning (10230): Verilog HDL assignment warning at PC.sv(34): truncated value with size 32 to match size of target (10) File: C:/Users/jiz011/Desktop/CSE141L/CSE-141l/PC.sv Line: 34
Info (12128): Elaborating entity "LUT" for hierarchy "PC:PC1|LUT:LUT_inst" File: C:/Users/jiz011/Desktop/CSE141L/CSE-141l/PC.sv Line: 20
Info (12128): Elaborating entity "Ctrl" for hierarchy "Ctrl:Ctrl1" File: C:/Users/jiz011/Desktop/CSE141L/CSE-141l/TopLevel.sv Line: 62
Info (12128): Elaborating entity "InstROM" for hierarchy "InstROM:instr_ROM1" File: C:/Users/jiz011/Desktop/CSE141L/CSE-141l/TopLevel.sv Line: 67
Warning (10030): Net "rom[511..324]" at InstROM.sv(6) has no driver or initial value, using a default initial value '0' File: C:/Users/jiz011/Desktop/CSE141L/CSE-141l/InstROM.sv Line: 6
Info (12128): Elaborating entity "reg_file" for hierarchy "reg_file:reg_file1" File: C:/Users/jiz011/Desktop/CSE141L/CSE-141l/TopLevel.sv Line: 80
Info (12128): Elaborating entity "ALU" for hierarchy "ALU:ALU1" File: C:/Users/jiz011/Desktop/CSE141L/CSE-141l/TopLevel.sv Line: 90
Warning (10270): Verilog HDL Case Statement warning at ALU.sv(26): incomplete case statement has no default case item File: C:/Users/jiz011/Desktop/CSE141L/CSE-141l/ALU.sv Line: 26
Info (12128): Elaborating entity "parity" for hierarchy "ALU:ALU1|parity:parity_inst" File: C:/Users/jiz011/Desktop/CSE141L/CSE-141l/ALU.sv Line: 19
Info (12128): Elaborating entity "data_mem" for hierarchy "data_mem:data_mem1" File: C:/Users/jiz011/Desktop/CSE141L/CSE-141l/TopLevel.sv Line: 100
Warning (10230): Verilog HDL assignment warning at data_mem.sv(23): truncated value with size 32 to match size of target (8) File: C:/Users/jiz011/Desktop/CSE141L/CSE-141l/data_mem.sv Line: 23
Info (276014): Found 2 instances of uninferred RAM logic
    Info (276007): RAM logic "data_mem:data_mem1|core" is uninferred due to asynchronous read logic File: C:/Users/jiz011/Desktop/CSE141L/CSE-141l/data_mem.sv Line: 15
    Info (276007): RAM logic "reg_file:reg_file1|register" is uninferred due to asynchronous read logic File: C:/Users/jiz011/Desktop/CSE141L/CSE-141l/reg_file.sv Line: 20
Warning (13046): Tri-state node(s) do not directly drive top-level pin(s)
    Warning (13049): Converted tri-state buffer "data_mem:data_mem1|read_value[0]" feeding internal logic into a wire File: C:/Users/jiz011/Desktop/CSE141L/CSE-141l/data_mem.sv Line: 13
    Warning (13049): Converted tri-state buffer "data_mem:data_mem1|read_value[1]" feeding internal logic into a wire File: C:/Users/jiz011/Desktop/CSE141L/CSE-141l/data_mem.sv Line: 13
    Warning (13049): Converted tri-state buffer "data_mem:data_mem1|read_value[2]" feeding internal logic into a wire File: C:/Users/jiz011/Desktop/CSE141L/CSE-141l/data_mem.sv Line: 13
    Warning (13049): Converted tri-state buffer "data_mem:data_mem1|read_value[3]" feeding internal logic into a wire File: C:/Users/jiz011/Desktop/CSE141L/CSE-141l/data_mem.sv Line: 13
    Warning (13049): Converted tri-state buffer "data_mem:data_mem1|read_value[4]" feeding internal logic into a wire File: C:/Users/jiz011/Desktop/CSE141L/CSE-141l/data_mem.sv Line: 13
    Warning (13049): Converted tri-state buffer "data_mem:data_mem1|read_value[5]" feeding internal logic into a wire File: C:/Users/jiz011/Desktop/CSE141L/CSE-141l/data_mem.sv Line: 13
    Warning (13049): Converted tri-state buffer "data_mem:data_mem1|read_value[6]" feeding internal logic into a wire File: C:/Users/jiz011/Desktop/CSE141L/CSE-141l/data_mem.sv Line: 13
    Warning (13049): Converted tri-state buffer "data_mem:data_mem1|read_value[7]" feeding internal logic into a wire File: C:/Users/jiz011/Desktop/CSE141L/CSE-141l/data_mem.sv Line: 13
Warning (12241): 2 hierarchies have connectivity warnings - see the Connectivity Checks report folder
Info (286030): Timing-Driven Synthesis is running
Info (144001): Generated suppressed messages file C:/Users/jiz011/Desktop/CSE141L/CSE-141l/output_files/TopLevel.map.smsg
Info (16010): Generating hard_block partition "hard_block:auto_generated_inst"
    Info (16011): Adding 0 node(s), including 0 DDIO, 0 PLL, 0 transceiver and 0 LCELL
Warning (21074): Design contains 1 input pin(s) that do not drive logic
    Warning (15610): No output dependent on input pin "reset" File: C:/Users/jiz011/Desktop/CSE141L/CSE-141l/TopLevel.sv Line: 9
Info (21057): Implemented 3547 device resources after synthesis - the final resource count might be different
    Info (21058): Implemented 3 input pins
    Info (21059): Implemented 1 output pins
    Info (21061): Implemented 3543 logic cells
Info: Quartus Prime Analysis & Synthesis was successful. 0 errors, 21 warnings
    Info: Peak virtual memory: 718 megabytes
    Info: Processing ended: Wed Jun 12 19:42:07 2019
    Info: Elapsed time: 00:00:18
    Info: Total CPU time (on all processors): 00:00:30


+------------------------------------------+
; Analysis & Synthesis Suppressed Messages ;
+------------------------------------------+
The suppressed messages can be found in C:/Users/jiz011/Desktop/CSE141L/CSE-141l/output_files/TopLevel.map.smsg.


